src/app/agent/shared/[shareId]/page.tsx(22,13): error TS2322: Type 'Date' is not assignable to type 'string'.
src/app/api/agent/chat/route.ts(101,72): error TS2322: Type 'never[]' is not assignable to type 'string'.
src/app/api/agent/generate/route.ts(32,76): error TS2322: Type 'never[]' is not assignable to type 'string'.
src/app/api/chat/history/route.ts(25,48): error TS7006: Parameter 'm' implicitly has an 'any' type.
src/app/api/chat/history/route.ts(38,71): error TS7006: Parameter 's' implicitly has an 'any' type.
src/app/api/internal/bot/billing/route.ts(171,42): error TS7006: Parameter 'tx' implicitly has an 'any' type.
src/app/api/internal/bot/billing/route.ts(186,45): error TS7006: Parameter 'r' implicitly has an 'any' type.
src/app/api/internal/bot/tasks/route.ts(37,30): error TS7006: Parameter 't' implicitly has an 'any' type.
src/app/dashboard/page.tsx(19,44): error TS7006: Parameter 'sum' implicitly has an 'any' type.
src/app/dashboard/page.tsx(19,49): error TS7006: Parameter 'row' implicitly has an 'any' type.
src/app/space/SpaceCard.tsx(115,30): error TS2345: Argument of type 'Date' is not assignable to parameter of type 'string'.
src/app/space/[spaceId]/SpaceEditor.tsx(73,54): error TS2345: Argument of type '() => { path: string; mime_type: string; size_bytes: number; updated_at: Date; is_binary: boolean; }[]' is not assignable to parameter of type 'FileEntry[] | (() => FileEntry[])'.
  Type '() => { path: string; mime_type: string; size_bytes: number; updated_at: Date; is_binary: boolean; }[]' is not assignable to type '() => FileEntry[]'.
    Type '{ path: string; mime_type: string; size_bytes: number; updated_at: Date; is_binary: boolean; }[]' is not assignable to type 'FileEntry[]'.
      Type '{ path: string; mime_type: string; size_bytes: number; updated_at: Date; is_binary: boolean; }' is not assignable to type 'FileEntry'.
        Types of property 'updated_at' are incompatible.
          Type 'Date' is not assignable to type 'string'.
src/app/space/[spaceId]/components/TopBar.tsx(90,34): error TS7053: Element implicitly has an 'any' type because expression of type 'string' can't be used to index type 'Record<Compiler, string>'.
  No index signature with a parameter of type 'string' was found on type 'Record<Compiler, string>'.
src/lib/supabase.ts(2,30): error TS2307: Cannot find module '@supabase/supabase-js' or its corresponding type declarations.
